0000013f A num_got_entries
bc000000 T _start
bc000400 t reset
bc000684 t CPLL_READY
bc0006e8 t CPLL_DONE
bc000728 t LDO_1P8V
bc000740 t LDO_2P5V
bc000754 t DDRLDO_SOFT_START
bc000774 t LDO_DELAY
bc000798 t SET_RG_BUCK_FPWM
bc0007ac t DDR_PAD_CFG
bc00083c t MT7628_KN_PAD
bc000860 t MT7628_AN_DDR1_PAD
bc0008a4 t MT7628_AN_DDR2_PAD
bc0008d0 t SET_PAD_CFG
bc000948 t DDR_READY
bc000b0c t SDRAM_INIT_DOWN
bc000b14 t tRFCinit
bc000b80 T relocate_code
bc000bdc t in_ram
bc000c3c t romReserved
bc000c40 t romExcHandle
bc000c44 T init_cpu_pll
bc000d9c t CPLL_EXIT
bc000da0 T SDR_CFG0_TBL
bc000dc0 T SDR_CFG1_TBL
bc000de0 T DDR1_CFG0_TBL
bc000e08 T DDR1_CFG1_TBL
bc000e30 t DDR1_CFG2_TBL
bc000e58 t DDR1_CFG3_TBL
bc000e80 t DDR1_CFG4_TBL
bc000ea8 T DDR2_CFG0_TBL
bc000ec8 T DDR2_CFG1_TBL
bc000ee8 t DDR2_CFG2_TBL
bc000f08 t DDR2_CFG3_TBL
bc000f28 t DDR2_CFG4_TBL
bc000f50 T sbrk
bc000fa0 T board_init_f
bc00125c T OperationSelect
bc001344 T tftp_config
bc001818 T trigger_hw_reset
bc001820 T config_usb_ehciohci
bc001858 T disable_pcie
bc001890 T gpio_init
bc001918 T led_init
bc001934 T led_off
bc00194c T status_led_off
bc001964 T detect_wps
bc0019c4 T led_on
bc0019dc T status_led_on
bc0019f4 T gpio_test
bc001be0 T board_init_r
bc002b4c T hang
bc002b7c T rw_rf_reg
bc002c78 T do_rw_rf
bc002dc0 t mips_count_get
bc002dc8 T timer_init
bc002ddc T get_timer
bc002e20 T udelay
bc002eb0 T mdelay
bc002f00 T NetSetEther
bc002f80 T ArpRequest
bc0030ec t startAgainTimeout
bc003108 t startAgainHandler
bc003110 T NetSetTimeout
bc003174 T NetSetHandler
bc00318c T NetStartAgain
bc003280 T ArpTimeoutCheck
bc003350 T NetSendPacket
bc003368 T NetCksum
bc0033b0 T NetSetIP
bc003524 T NetSendUDPPacket
bc0036f0 T NetCksumOk
bc003730 T NetEthHdrSize
bc003738 T copy_filename
bc0037ac T ip_to_string
bc00382c T string_to_ip
bc0038f0 T getenv_IPaddr
bc00392c T NetLoop
bc003dd8 T print_IPaddr
bc003e1c T NetSendHttpd
bc003eb4 T NetReceiveHttpd
bc003f98 T NetReceive
bc0045a8 T NetLoopHttpd
bc004a40 T TftpSend
bc004c60 t TftpHandler
bc005010 t TftpTimeout
bc0050a4 T TftpStart
bc005350 T eth_parse_enetaddr
bc0053f0 T eth_register
bc00545c T eth_initialize
bc00569c T eth_try_another
bc0056d4 T eth_init
bc005784 T eth_halt
bc0057dc T eth_send
bc005814 T eth_rx
bc005850 T HttpdHandler
bc0059ac T HttpdStart
bc0059e4 T do_http_upgrade
bc005ab8 T do_http_progress
bc005cc0 T uip_init
bc005d5c T uip_unlisten
bc005db8 T uip_listen
bc005e14 t uip_add_rcv_nxt
bc005e90 T uip_process
bc006ec0 T uip_add32
bc006f94 T uip_chksum
bc00700c T uip_ipchksum
bc007048 T uip_tcpchksum
bc0071b0 T uip_arp_init
bc007230 T uip_arp_timer
bc0072f8 t uip_arp_update
bc0074d8 T uip_arp_ipin
bc007568 T uip_arp_arpin
bc0076e0 T uip_arp_out
bc007930 t httpd_download_progress
bc0079a8 T httpd_init
bc0079e4 t httpd_state_reset
bc007a44 t httpd_findandstore_firstchunk
bc007d40 T httpd_appcall
bc008630 T fs_open
bc0086c8 T fs_init
bc0086d0 T START_ETH
bc008730 T STOP_ETH
bc008798 T rt2880_free_buf_entry_dequeue
bc0087cc t rt2880_free_buf_entry_enqueue
bc00884c T rt2880_eth_initialize
bc008a9c T LANWANPartition
bc008aa4 T isDMABusy
bc008b14 t rt2880_eth_init
bc008e30 T mt7628_ephy_init
bc0090a4 T rt305x_esw_init
bc0091e4 t rt2880_eth_send
bc0093e4 t rt2880_eth_recv
bc0095d0 T rt2880_eth_halt
bc0095e8 t delete_char
bc009740 T readline
bc009a24 T input_value
bc009ac0 T enable_mdio
bc009ac8 T mii_mgr_read
bc009c14 T mii_mgr_write
bc009d5c T dump_phy_reg
bc009f10 T rt2880_mdio_access
bc00a3c0 t bbu_spic_busy_wait
bc00a454 T spic_init
bc00a45c t bbu_mb_spic_trans
bc00a7a0 t bbu_spic_trans
bc00aae0 t raspi_read_rg
bc00ab30 t raspi_read_sr
bc00ab50 t raspi_write_rg
bc00aba4 t raspi_write_sr
bc00abc4 t raspi_read_devid
bc00ac60 t raspi_wait_ready
bc00ad64 t raspi_4byte_mode
bc00afe0 T chip_prob
bc00b120 T raspi_init
bc00b168 T raspi_erase
bc00b378 T raspi_read
bc00b4fc T raspi_write
bc00b838 T raspi_erase_write
bc00bc28 T do_mem_cp
bc00bd54 T do_flerase
bc00c048 T ralink_spi_command
bc00c650 T run_command
bc00cb54 T main_loop
bc00cc60 T do_go
bc00cd40 T print_image_hdr
bc00d0f4 T do_bootm
bc00d860 T send_pad
bc00d8b8 T ktrans
bc00d8f4 T chk1
bc00d92c T s1_sendpacket
bc00d98c T send_ack
bc00da18 T send_nack
bc00daa4 t bin_data_init
bc00dad4 t bin_data_char
bc00db20 T k_data_init
bc00db40 T k_data_save
bc00db90 T k_data_restore
bc00dbe0 T k_data_char
bc00dc84 T handle_send_packet
bc00dee4 T do_load_serial_bin
bc00e530 T do_tftpb
bc00e960 T cmd_get_data_size
bc00ea18 T do_mem_md
bc00ece8 T do_mem_base
bc00ed54 T do_mem_loop
bc00eedc t mod_mem
bc00f0e8 T do_mem_nm
bc00f130 T do_mem_mm
bc00f180 t envmatch
bc00f224 T do_printenv
bc00f494 T _do_setenv
bc00fb84 T setenv
bc00fbd8 T do_setenv
bc00fc4c T getenv
bc00fd24 T do_saveenv
bc00fd80 T do_version
bc00fdc0 T find_cmd
bc00fee0 T do_help
bc010170 t console_setfile
bc010258 T serial_printf
bc0102b0 T fgetc
bc0102e8 T ftstc
bc010320 T fputc
bc010364 T fputs
bc0103a4 T fprintf
bc010404 T getc
bc010444 T tstc
bc010484 T putc
bc0104e4 T puts
bc01053c T printf
bc010594 T vprintf
bc0105e0 T ctrlc
bc010664 T disable_ctrlc
bc010680 T had_ctrlc
bc010698 T clear_ctrlc
bc0106b0 T dbg
bc0106c0 T console_assign
bc0107dc T console_init_f
bc010830 T search_device
bc010924 T console_init_r
bc010ac0 T device_register
bc010b04 T devices_init
bc010c00 T devices_done
bc010c40 T malloc_bin_reloc
bc010c80 t do_check_chunk
bc010c88 t do_check_free_chunk
bc010c90 t do_check_inuse_chunk
bc010c98 t do_check_malloced_chunk
bc010ca0 T malloc_trim
bc010dc8 T free
bc01103c T malloc
bc011788 T realloc
bc011cfc T memalign
bc011e94 T valloc
bc011eb0 T pvalloc
bc011ed4 T calloc
bc011fe8 T cfree
bc012000 T malloc_usable_size
bc012058 T mallopt
bc0120f0 T env_crc_update
bc012140 t env_get_char_init
bc01218c T env_get_char_memory
bc0121c0 T env_get_addr
bc0121f0 T env_relocate
bc0122e0 t dummy
bc0122e8 T get_version
bc0122f0 T jumptable_init
bc012390 T NewHandle
bc01243c T DisposeHandle
bc012498 T GetHandleSize
bc0124a0 T SetHandleSize
bc012568 T ListCreate
bc0125d8 T ListDispose
bc0125f0 T ListInsertItems
bc01283c T ListInsertItem
bc012854 T ListGetPtrToItem
bc012894 T ListNumItems
bc0128a0 T env_get_char_spec
bc0128b0 T env_init
bc0128d4 T spi_env_init
bc0129a0 T saveenv
bc012afc T env_relocate_spec
bc012b30 T crc32
bc012d50 T display_options
bc012d90 T print_size
bc012ea0 T strcat
bc012ed8 T strchr
bc012f14 T strlen
bc012f38 T strrchr
bc012fb0 T strnlen
bc012fec T memset
bc013018 T memcpy
bc013048 T memmove
bc0130c4 T memcmp
bc0130f4 T strstr
bc0131c0 T simple_strtoul
bc0132b4 T simple_strtol
bc013304 t skip_atoi
bc013364 t number
bc0135d8 T vsprintf
bc013b34 T sprintf
bc013b70 T panic
bc013bf0 T RangeDecoderReadByte
bc013c24 T RangeDecoderInit
bc013cac T RangeDecoderDecodeDirectBits
bc013d68 T RangeDecoderBitDecode
bc013e7c T RangeDecoderBitTreeDecode
bc013f10 T RangeDecoderReverseBitTreeDecode
bc013fb4 T LzmaLiteralDecode
bc014024 T LzmaLiteralDecodeMatch
bc0140fc T LzmaLenDecode
bc0141e8 T LzmaDecode
bc01465c T lzmaBuffToBuffDecompress
bc014870 T get_ram_size
bc0149a4 T initdram
bc0149e0 T checkboard
bc014a20 T serial_setbrg
bc014a84 T serial_init
bc014abc T serial_putc
bc014b10 T serial_tstc
bc014b24 T serial_getc
bc014b48 T serial_puts
bc014ba0 T do_reset
bc014bb8 T flush_cache
bc014c54 T flush_dcache_range
bc014c94 T invalidate_dcache_range
bc014ce0 t linux_env_set
bc014e08 T do_bootm_linux
bc0155f0 R version_string
bc0156d0 r data_vt_png
bc0161dc r data_style_css
bc016388 r data_index_html
bc016710 r data_flashing_html
bc016cb0 r data_fail_html
bc016e78 r data_404_html
bc017010 r __func__.2
bc017024 r __func__.8
bc017038 r __func__.1
bc017064 r __func__.4
bc017074 r __func__.3
bc017084 r __func__.0
bc017098 r __func__.9
bc0170ac r __func__.10
bc0170c0 r __func__.6
bc0170d0 r __func__.11
bc0170dc r __func__.7
bc0170e8 r __func__.5
bc0171c0 r baudrate_table
bc0171e0 r p.0
bc01a7b0 D NetBcastAddr
bc01a7c0 D uip_ethaddr
bc01a7d0 d eol
bc01a7d4 d eol2
bc01a7e0 d tab_seq
bc01a7ec d erase_seq
bc01a7f0 D stm_opcodes
bc01a830 D load_addr
bc01a840 D dp_last_length
bc01a850 d mmap_threshold
bc01a854 d trim_threshold
bc01a858 d sbrk_base
bc01a860 D default_environment
bc01a8e0 d flash_addr
bc01a8f0 d crc_table_empty
bc01a900 D _ctype
bc01aa00 D file_vt_png
bc01aa10 D file_style_css
bc01aa20 D file_index_html
bc01aa30 D file_flashing_html
bc01aa40 D file_fail_html
bc01aa50 D file_404_html
bc01aa60 d chips_data
bc01adf0 D stdio_names
bc01adfc d av_
bc01b204 D env_get_char
bc01b208 D env_name_spec
bc01b210 A _gp
bc01b210 D _GLOBAL_OFFSET_TABLE_
bc01b210 D __got_start
bc01b70c A __u_boot_cmd_start
bc01b70c D __got_end
bc01b70c D __u_boot_cmd_rf
bc01b724 D __u_boot_cmd_mdio
bc01b73c D __u_boot_cmd_spi
bc01b754 D __u_boot_cmd_erase
bc01b76c D __u_boot_cmd_cp
bc01b784 D __u_boot_cmd_reset
bc01b79c D __u_boot_cmd_go
bc01b7b4 D __u_boot_cmd_bootm
bc01b7cc D __u_boot_cmd_loadb
bc01b7e4 D __u_boot_cmd_tftpboot
bc01b7fc D __u_boot_cmd_nm
bc01b814 D __u_boot_cmd_mm
bc01b82c D __u_boot_cmd_md
bc01b844 D __u_boot_cmd_saveenv
bc01b85c D __u_boot_cmd_setenv
bc01b874 D __u_boot_cmd_printenv
bc01b88c D __u_boot_cmd_question_mark
bc01b8a4 D __u_boot_cmd_help
bc01b8bc D __u_boot_cmd_version
bc01b8d4 A __u_boot_cmd_end
bc01b8d4 A uboot_end_data
bc01b8e0 B modifies
bc01b8e4 b mem_malloc_start
bc01b8e8 b mem_malloc_end
bc01b8ec b mem_malloc_brk
bc01b8f0 b file_name_space
bc01b970 B NetTxPacket
bc01b974 B NetEtherNullAddr
bc01b97c B NetServerEther
bc01b982 B NetBootFileSize
bc01b984 B NetOurRootPath
bc01b9c4 B NetOurHostName
bc01b9e4 B NetOurNISDomain
bc01ba04 B NetOurDNSIP
bc01ba08 B NetOurGatewayIP
bc01ba0c B NetOurSubnetMask
bc01ba10 B webfailsafe_upgrade_type
bc01ba14 B webfailsafe_ready_for_upgrade
bc01ba18 B webfailsafe_is_running
bc01ba1c B webfailsafe_data_pointer
bc01ba20 b packetHandler
bc01ba24 b timeHandler
bc01ba28 b timeStart
bc01ba2c b timeDelta
bc01ba30 b TftpServerPort
bc01ba34 b TftpOurPort
bc01ba38 b TftpTimeoutCount
bc01ba3c b TftpBlock
bc01ba40 b TftpLastBlock
bc01ba44 b TftpBlockWrap
bc01ba48 b TftpBlockWrapOffset
bc01ba4c b TftpState
bc01ba50 b default_filename
bc01ba60 b tftp_filename
bc01ba70 b first_failed.0
bc01ba74 b eth_devices
bc01ba78 b eth_current
bc01ba80 b arptimer
bc01ba90 b ipid
bc01ba94 b iss
bc01ba98 b c
bc01ba99 b opt
bc01ba9a b tmp16
bc01baa0 b arp_table
bc01bab8 b ipaddr
bc01babc b i
bc01babd b c
bc01babe b arptime
bc01babf b tmpage
bc01bac0 b webfailsafe_upload_failed
bc01bac4 b webfailsafe_post_done
bc01bac8 b data_start_found
bc01bacc b post_packet_counter
bc01bad0 b boundary_value
bc01bae0 b rt2880_free_buf
bc01bdc0 b tx_ring0_cache
bc01bf40 b rx_ring_cache
bc01c0c0 b rx_dma_owner_idx0
bc01c0c4 b rx_wants_alloc_idx0
bc01c0c8 b tx_cpu_owner_idx0
bc01c0cc b rx_ring
bc01c0d0 b tx_ring0
bc01c0d4 b rxRingSize
bc01c0d5 b txRingSize
bc01c0d8 b rt2880_eth_initd
bc01c0dc b PKT_HEADER_Buf_Pool
bc032920 B spi_chip_info
bc032930 b lastcommand.0
bc032a30 b a_b
bc032a48 b os_data_state
bc032a4c b os_data_state_saved
bc032a50 b os_data_count_saved
bc032a54 b os_data_addr
bc032a58 b os_data_addr_saved
bc032a5c b bin_start_address
bc032a60 b k_data_escape
bc032a64 b k_data_escape_saved
bc032a70 b base_address
bc032a80 b ctrlc_was_pressed
bc032a84 b ctrlc_disabled
bc032a90 B stdio_devices
bc032a9c B devlist
bc032aa0 b n_mmaps_max
bc032aa4 b top_pad
bc032aa8 b current_mallinfo
bc032ad0 b max_total_mem
bc032ad4 b mmapped_mem
bc032ad8 b max_sbrked_mem
bc032ae0 b crc_table
bc032ee0 b linux_argc
bc032ee4 b linux_argv
bc032ee8 b linux_env
bc032eec b linux_env_p
bc032ef0 b linux_env_idx
bc032f00 B gd_data
bc032f24 B Pkt_Buf_Pool
bc04a364 B NetRxPackets
bc04a454 B BootFile
bc04a4d4 B NetArpWaitPacketBuf
bc04ab14 B uip_conns
bc04ab6c B uip_buf
bc04b14c B console_buffer
bc04b24c B console_history
bc04bc4c B header
bc04bc8c B os_data_header
bc04bcac B send_parms
bc04bcc0 A uboot_end
bc04bcc0 C monitor_flash_len
bc04bcc4 C mips_bus_feq
bc04bcc8 C mips_cpu_feq
bc04bccc C NetArpWaitTry
bc04bcd0 C NetArpWaitPacketMAC
bc04bcd4 C NetOurEther
bc04bcdc C NetOurIP
bc04bce0 C NetServerIP
bc04bce4 C NetArpWaitTxPacketSize
bc04bce8 C NetArpWaitReplyIP
bc04bcec C NetArpWaitTxPacket
bc04bcf0 C NetArpWaitPacketIP
bc04bcf4 C NetState
bc04bcf8 C NetIPID
bc04bcfc C NetRxPkt
bc04bd00 C NetRxPktLen
bc04bd04 C NetBootFileXferSize
bc04bd08 C PktBuf
bc04bd0c C NetArpWaitTimerStart
bc04bd10 C TftpStarted
bc04bd14 C uip_len
bc04bd18 C uip_sappdata
bc04bd1c C uip_acc32
bc04bd20 C uip_flags
bc04bd24 C uip_appdata
bc04bd28 C uip_conn
bc04bd2c C uip_arp_netmask
bc04bd30 C uip_listenports
bc04bd32 C uip_surglen
bc04bd34 C uip_urgdata
bc04bd38 C uip_hostaddr
bc04bd3c C uip_arp_draddr
bc04bd40 C uip_urglen
bc04bd42 C uip_slen
bc04bd44 C hs
bc04bd48 C rt2880_free_buf_list
bc04bd50 C PKT_HEADER_Buf
bc04bd54 C rt2880_pdev
bc04bd58 C rt2880_busing_buf_list
bc04bd60 C his_pad_char
bc04bd64 C os_data_count
bc04bd68 C os_data_init
bc04bd6c C send_ptr
bc04bd70 C os_data_char
bc04bd74 C his_eol
bc04bd75 C his_quote
bc04bd78 C his_pad_count
bc04bd7c C dp_last_size
bc04bd80 C dp_last_addr
bc04bd84 C mm_last_size
bc04bd88 C mm_last_addr
bc04bd8c C env_ptr
bc04bd90 C ___strtok
